Archive member included to satisfy reference by file (symbol)

C:/ST/STM32CubeIDE_1.4.0/STM32CubeIDE/plugins/com.st.stm32cube.ide.mcu.externaltools.gnu-tools-for-stm32.11.3.rel1.win32_1.1.100.202309141235/tools/bin/../lib/gcc/arm-none-eabi/11.3.1/../../../../arm-none-eabi/lib/thumb/v7-m/nofp\libc_nano.a(libc_a-exit.o)
                              C:/ST/STM32CubeIDE_1.4.0/STM32CubeIDE/plugins/com.st.stm32cube.ide.mcu.externaltools.gnu-tools-for-stm32.11.3.rel1.win32_1.1.100.202309141235/tools/bin/../lib/gcc/arm-none-eabi/11.3.1/../../../../arm-none-eabi/lib/thumb/v7-m/nofp/crt0.o (exit)
C:/ST/STM32CubeIDE_1.4.0/STM32CubeIDE/plugins/com.st.stm32cube.ide.mcu.externaltools.gnu-tools-for-stm32.11.3.rel1.win32_1.1.100.202309141235/tools/bin/../lib/gcc/arm-none-eabi/11.3.1/../../../../arm-none-eabi/lib/thumb/v7-m/nofp\libc_nano.a(libc_a-findfp.o)
                              C:/ST/STM32CubeIDE_1.4.0/STM32CubeIDE/plugins/com.st.stm32cube.ide.mcu.externaltools.gnu-tools-for-stm32.11.3.rel1.win32_1.1.100.202309141235/tools/bin/../lib/gcc/arm-none-eabi/11.3.1/../../../../arm-none-eabi/lib/thumb/v7-m/nofp\libc_nano.a(libc_a-exit.o) (__stdio_exit_handler)
C:/ST/STM32CubeIDE_1.4.0/STM32CubeIDE/plugins/com.st.stm32cube.ide.mcu.externaltools.gnu-tools-for-stm32.11.3.rel1.win32_1.1.100.202309141235/tools/bin/../lib/gcc/arm-none-eabi/11.3.1/../../../../arm-none-eabi/lib/thumb/v7-m/nofp\libc_nano.a(libc_a-fwalk.o)
                              C:/ST/STM32CubeIDE_1.4.0/STM32CubeIDE/plugins/com.st.stm32cube.ide.mcu.externaltools.gnu-tools-for-stm32.11.3.rel1.win32_1.1.100.202309141235/tools/bin/../lib/gcc/arm-none-eabi/11.3.1/../../../../arm-none-eabi/lib/thumb/v7-m/nofp\libc_nano.a(libc_a-findfp.o) (_fwalk_sglue)
C:/ST/STM32CubeIDE_1.4.0/STM32CubeIDE/plugins/com.st.stm32cube.ide.mcu.externaltools.gnu-tools-for-stm32.11.3.rel1.win32_1.1.100.202309141235/tools/bin/../lib/gcc/arm-none-eabi/11.3.1/../../../../arm-none-eabi/lib/thumb/v7-m/nofp\libc_nano.a(libc_a-stdio.o)
                              C:/ST/STM32CubeIDE_1.4.0/STM32CubeIDE/plugins/com.st.stm32cube.ide.mcu.externaltools.gnu-tools-for-stm32.11.3.rel1.win32_1.1.100.202309141235/tools/bin/../lib/gcc/arm-none-eabi/11.3.1/../../../../arm-none-eabi/lib/thumb/v7-m/nofp\libc_nano.a(libc_a-findfp.o) (__sread)
C:/ST/STM32CubeIDE_1.4.0/STM32CubeIDE/plugins/com.st.stm32cube.ide.mcu.externaltools.gnu-tools-for-stm32.11.3.rel1.win32_1.1.100.202309141235/tools/bin/../lib/gcc/arm-none-eabi/11.3.1/../../../../arm-none-eabi/lib/thumb/v7-m/nofp\libc_nano.a(libc_a-memset.o)
                              C:/ST/STM32CubeIDE_1.4.0/STM32CubeIDE/plugins/com.st.stm32cube.ide.mcu.externaltools.gnu-tools-for-stm32.11.3.rel1.win32_1.1.100.202309141235/tools/bin/../lib/gcc/arm-none-eabi/11.3.1/../../../../arm-none-eabi/lib/thumb/v7-m/nofp/crt0.o (memset)
C:/ST/STM32CubeIDE_1.4.0/STM32CubeIDE/plugins/com.st.stm32cube.ide.mcu.externaltools.gnu-tools-for-stm32.11.3.rel1.win32_1.1.100.202309141235/tools/bin/../lib/gcc/arm-none-eabi/11.3.1/../../../../arm-none-eabi/lib/thumb/v7-m/nofp\libc_nano.a(libc_a-closer.o)
                              C:/ST/STM32CubeIDE_1.4.0/STM32CubeIDE/plugins/com.st.stm32cube.ide.mcu.externaltools.gnu-tools-for-stm32.11.3.rel1.win32_1.1.100.202309141235/tools/bin/../lib/gcc/arm-none-eabi/11.3.1/../../../../arm-none-eabi/lib/thumb/v7-m/nofp\libc_nano.a(libc_a-stdio.o) (_close_r)
C:/ST/STM32CubeIDE_1.4.0/STM32CubeIDE/plugins/com.st.stm32cube.ide.mcu.externaltools.gnu-tools-for-stm32.11.3.rel1.win32_1.1.100.202309141235/tools/bin/../lib/gcc/arm-none-eabi/11.3.1/../../../../arm-none-eabi/lib/thumb/v7-m/nofp\libc_nano.a(libc_a-reent.o)
                              C:/ST/STM32CubeIDE_1.4.0/STM32CubeIDE/plugins/com.st.stm32cube.ide.mcu.externaltools.gnu-tools-for-stm32.11.3.rel1.win32_1.1.100.202309141235/tools/bin/../lib/gcc/arm-none-eabi/11.3.1/../../../../arm-none-eabi/lib/thumb/v7-m/nofp\libc_nano.a(libc_a-closer.o) (errno)
C:/ST/STM32CubeIDE_1.4.0/STM32CubeIDE/plugins/com.st.stm32cube.ide.mcu.externaltools.gnu-tools-for-stm32.11.3.rel1.win32_1.1.100.202309141235/tools/bin/../lib/gcc/arm-none-eabi/11.3.1/../../../../arm-none-eabi/lib/thumb/v7-m/nofp\libc_nano.a(libc_a-impure.o)
                              C:/ST/STM32CubeIDE_1.4.0/STM32CubeIDE/plugins/com.st.stm32cube.ide.mcu.externaltools.gnu-tools-for-stm32.11.3.rel1.win32_1.1.100.202309141235/tools/bin/../lib/gcc/arm-none-eabi/11.3.1/../../../../arm-none-eabi/lib/thumb/v7-m/nofp\libc_nano.a(libc_a-reent.o) (_impure_ptr)
C:/ST/STM32CubeIDE_1.4.0/STM32CubeIDE/plugins/com.st.stm32cube.ide.mcu.externaltools.gnu-tools-for-stm32.11.3.rel1.win32_1.1.100.202309141235/tools/bin/../lib/gcc/arm-none-eabi/11.3.1/../../../../arm-none-eabi/lib/thumb/v7-m/nofp\libc_nano.a(libc_a-lseekr.o)
[...]
Memory Configuration

Name             Origin             Length             Attributes
RAM              0x0000000020000000 0x0000000000010000 xrw
FLASH            0x0000000008000000 0x0000000000080000 xr
*default*        0x0000000000000000 0xffffffffffffffff

Linker script and memory map

LOAD C:/ST/STM32CubeIDE_1.4.0/STM32CubeIDE/plugins/com.st.stm32cube.ide.mcu.externaltools.gnu-tools-for-stm32.11.3.rel1.win32_1.1.100.202309141235/tools/bin/../lib/gcc/arm-none-eabi/11.3.1/thumb/v7-m/nofp/crti.o
LOAD C:/ST/STM32CubeIDE_1.4.0/STM32CubeIDE/plugins/com.st.stm32cube.ide.mcu.externaltools.gnu-tools-for-stm32.11.3.rel1.win32_1.1.100.202309141235/tools/bin/../lib/gcc/arm-none-eabi/11.3.1/thumb/v7-m/nofp/crtbegin.o
LOAD C:/ST/STM32CubeIDE_1.4.0/STM32CubeIDE/plugins/com.st.stm32cube.ide.mcu.externaltools.gnu-tools-for-stm32.11.3.rel1.win32_1.1.100.202309141235/tools/bin/../lib/gcc/arm-none-eabi/11.3.1/../../../../arm-none-eabi/lib/thumb/v7-m/nofp/crt0.o
LOAD ./Core/Src/LED.o
LOAD ./Core/Src/can.o
LOAD ./Core/Src/dma.o
LOAD ./Core/Src/gpio.o
LOAD ./Core/Src/main.o
LOAD ./Core/Src/rotary.o
LOAD ./Core/Src/stm32f1xx_hal_msp.o
LOAD ./Core/Src/stm32f1xx_it.o
LOAD ./Core/Src/syscalls.o
LOAD ./Core/Src/sysmem.o
LOAD ./Core/Src/system_stm32f1xx.o
LOAD ./Core/Src/tim.o
LOAD ./Core/Startup/startup_stm32f103zetx.o
LOAD ./Drivers/STM32F1xx_HAL_Driver/Src/stm32f1xx_hal.o
LOAD ./Drivers/STM32F1xx_HAL_Driver/Src/stm32f1xx_hal_can.o
LOAD ./Drivers/STM32F1xx_HAL_Driver/Src/stm32f1xx_hal_cortex.o
LOAD ./Drivers/STM32F1xx_HAL_Driver/Src/stm32f1xx_hal_dma.o
LOAD ./Drivers/STM32F1xx_HAL_Driver/Src/stm32f1xx_hal_exti.o
LOAD ./Drivers/STM32F1xx_HAL_Driver/Src/stm32f1xx_hal_flash.o
LOAD ./Drivers/STM32F1xx_HAL_Driver/Src/stm32f1xx_hal_flash_ex.o
LOAD ./Drivers/STM32F1xx_HAL_Driver/Src/stm32f1xx_hal_gpio.o
LOAD ./Drivers/STM32F1xx_HAL_Driver/Src/stm32f1xx_hal_gpio_ex.o
LOAD ./Drivers/STM32F1xx_HAL_Driver/Src/stm32f1xx_hal_pwr.o
LOAD ./Drivers/STM32F1xx_HAL_Driver/Src/stm32f1xx_hal_rcc.o
LOAD ./Drivers/STM32F1xx_HAL_Driver/Src/stm32f1xx_hal_rcc_ex.o
LOAD ./Drivers/STM32F1xx_HAL_Driver/Src/stm32f1xx_hal_tim.o
LOAD ./Drivers/STM32F1xx_HAL_Driver/Src/stm32f1xx_hal_tim_ex.o
START GROUP
LOAD C:/ST/STM32CubeIDE_1.4.0/STM32CubeIDE/plugins/com.st.stm32cube.ide.mcu.externaltools.gnu-tools-for-stm32.11.3.rel1.win32_1.1.100.202309141235/tools/bin/../lib/gcc/arm-none-eabi/11.3.1/../../../../arm-none-eabi/lib/thumb/v7-m/nofp\libc_nano.a
LOAD C:/ST/STM32CubeIDE_1.4.0/STM32CubeIDE/plugins/com.st.stm32cube.ide.mcu.externaltools.gnu-tools-for-stm32.11.3.rel1.win32_1.1.100.202309141235/tools/bin/../lib/gcc/arm-none-eabi/11.3.1/../../../../arm-none-eabi/lib/thumb/v7-m/nofp\libm.a
END GROUP
START GROUP
LOAD C:/ST/STM32CubeIDE_1.4.0/STM32CubeIDE/plugins/com.st.stm32cube.ide.mcu.externaltools.gnu-tools-for-stm32.11.3.rel1.win32_1.1.100.202309141235/tools/bin/../lib/gcc/arm-none-eabi/11.3.1/thumb/v7-m/nofp\libgcc.a
LOAD C:/ST/STM32CubeIDE_1.4.0/STM32CubeIDE/plugins/com.st.stm32cube.ide.mcu.externaltools.gnu-tools-for-stm32.11.3.rel1.win32_1.1.100.202309141235/tools/bin/../lib/gcc/arm-none-eabi/11.3.1/../../../../arm-none-eabi/lib/thumb/v7-m/nofp\libc_nano.a
END GROUP
START GROUP
LOAD C:/ST/STM32CubeIDE_1.4.0/STM32CubeIDE/plugins/com.st.stm32cube.ide.mcu.externaltools.gnu-tools-for-stm32.11.3.rel1.win32_1.1.100.202309141235/tools/bin/../lib/gcc/arm-none-eabi/11.3.1/thumb/v7-m/nofp\libgcc.a
LOAD C:/ST/STM32CubeIDE_1.4.0/STM32CubeIDE/plugins/com.st.stm32cube.ide.mcu.externaltools.gnu-tools-for-stm32.11.3.rel1.win32_1.1.100.202309141235/tools/bin/../lib/gcc/arm-none-eabi/11.3.1/../../../../arm-none-eabi/lib/thumb/v7-m/nofp\libc_nano.a
LOAD C:/ST/STM32CubeIDE_1.4.0/STM32CubeIDE/plugins/com.st.stm32cube.ide.mcu.externaltools.gnu-tools-for-stm32.11.3.rel1.win32_1.1.100.202309141235/tools/bin/../lib/gcc/arm-none-eabi/11.3.1/../../../../arm-none-eabi/lib/thumb/v7-m/nofp\libnosys.a
END GROUP
START GROUP
LOAD C:/ST/STM32CubeIDE_1.4.0/STM32CubeIDE/plugins/com.st.stm32cube.ide.mcu.externaltools.gnu-tools-for-stm32.11.3.rel1.win32_1.1.100.202309141235/tools/bin/../lib/gcc/arm-none-eabi/11.3.1/thumb/v7-m/nofp\libgcc.a
LOAD C:/ST/STM32CubeIDE_1.4.0/STM32CubeIDE/plugins/com.st.stm32cube.ide.mcu.externaltools.gnu-tools-for-stm32.11.3.rel1.win32_1.1.100.202309141235/tools/bin/../lib/gcc/arm-none-eabi/11.3.1/../../../../arm-none-eabi/lib/thumb/v7-m/nofp\libc_nano.a
LOAD C:/ST/STM32CubeIDE_1.4.0/STM32CubeIDE/plugins/com.st.stm32cube.ide.mcu.externaltools.gnu-tools-for-stm32.11.3.rel1.win32_1.1.100.202309141235/tools/bin/../lib/gcc/arm-none-eabi/11.3.1/../../../../arm-none-eabi/lib/thumb/v7-m/nofp\libnosys.a
END GROUP
LOAD C:/ST/STM32CubeIDE_1.4.0/STM32CubeIDE/plugins/com.st.stm32cube.ide.mcu.externaltools.gnu-tools-for-stm32.11.3.rel1.win32_1.1.100.202309141235/tools/bin/../lib/gcc/arm-none-eabi/11.3.1/thumb/v7-m/nofp/crtend.o
LOAD C:/ST/STM32CubeIDE_1.4.0/STM32CubeIDE/plugins/com.st.stm32cube.ide.mcu.externaltools.gnu-tools-for-stm32.11.3.rel1.win32_1.1.100.202309141235/tools/bin/../lib/gcc/arm-none-eabi/11.3.1/thumb/v7-m/nofp/crtn.o
                0x0000000020010000                _estack = (ORIGIN (RAM) + LENGTH (RAM))
                0x0000000000000200                _Min_Heap_Size = 0x200
                0x0000000000000400                _Min_Stack_Size = 0x400

.isr_vector     0x0000000008000000      0x1e4
                0x0000000008000000                . = ALIGN (0x4)
 *(.isr_vector)
 .isr_vector    0x0000000008000000      0x1e4 ./Core/Startup/startup_stm32f103zetx.o
                0x0000000008000000                g_pfnVectors
                0x00000000080001e4                . = ALIGN (0x4)

.text           0x00000000080001e4     0x4c50
                0x00000000080001e4                . = ALIGN (0x4)
 *(.text)
 .text          0x00000000080001e4       0x40 C:/ST/STM32CubeIDE_1.4.0/STM32CubeIDE/plugins/com.st.stm32cube.ide.mcu.externaltools.gnu-tools-for-stm32.11.3.rel1.win32_1.1.100.202309141235/tools/bin/../lib/gcc/arm-none-eabi/11.3.1/thumb/v7-m/nofp/crtbegin.o
 *(.text*)
 .text.SetModuleColor
                0x0000000008000224       0x48 ./Core/Src/LED.o
                0x0000000008000224                SetModuleColor
 .text.SetPixelColor
                0x000000000800026c       0x48 ./Core/Src/LED.o
                0x000000000800026c                SetPixelColor
 .text.SetPixelColorP
                0x00000000080002b4       0x3a ./Core/Src/LED.o
                0x00000000080002b4                SetPixelColorP
 *fill*         0x00000000080002ee        0x2 
 .text.SetLedColorP
                0x00000000080002f0       0x28 ./Core/Src/LED.o
                0x00000000080002f0                SetLedColorP
 .text.SetLedColor
                0x0000000008000318       0x36 ./Core/Src/LED.o
                0x0000000008000318                SetLedColor
 .text.InitModule
                0x000000000800034e       0x38 ./Core/Src/LED.o
                0x000000000800034e                InitModule
 *fill*         0x0000000008000386        0x2 
 .text.UpdateModuleColor
                0x0000000008000388       0xb4 ./Core/Src/LED.o
                0x0000000008000388                UpdateModuleColor
 .text.UpdateModule
                0x000000000800043c       0x24 ./Core/Src/LED.o
                0x000000000800043c                UpdateModule
 .text.MX_CAN_Init
                0x0000000008000460       0x6c ./Core/Src/can.o
                0x0000000008000460                MX_CAN_Init
 .text.HAL_CAN_MspInit
                0x00000000080004cc       0xbc ./Core/Src/can.o
                0x00000000080004cc                HAL_CAN_MspInit
 .text.MX_DMA_Init
                0x0000000008000588       0xe4 ./Core/Src/dma.o
                0x0000000008000588                MX_DMA_Init
 .text.MX_GPIO_Init
                0x000000000800066c      0x1ec ./Core/Src/gpio.o
                0x000000000800066c                MX_GPIO_Init
 .text.HAL_TIM_PWM_PulseFinishedCallback
                0x0000000008000858       0x88 ./Core/Src/main.o
                0x0000000008000858                HAL_TIM_PWM_PulseFinishedCallback
 .text.HAL_TIM_PeriodElapsedCallback
                0x00000000080008e0      0x120 ./Core/Src/main.o
                0x00000000080008e0                HAL_TIM_PeriodElapsedCallback
 .text.main     0x0000000008000a00      0x560 ./Core/Src/main.o
                0x0000000008000a00                main
 .text.SystemClock_Config
                0x0000000008000f60       0x8a ./Core/Src/main.o
                0x0000000008000f60                SystemClock_Config
 *fill*         0x0000000008000fea        0x2 
 .text.InitRotary
                0x0000000008000fec       0x70 ./Core/Src/main.o
                0x0000000008000fec                InitRotary
 .text.Error_Handler
                0x000000000800105c        0xa ./Core/Src/main.o
                0x000000000800105c                Error_Handler
 *fill*         0x0000000008001066        0x2 
 .text.RotaryProcess
                0x0000000008001068       0xa4 ./Core/Src/rotary.o
                0x0000000008001068                RotaryProcess
 .text.HAL_MspInit
                0x000000000800110c       0x64 ./Core/Src/stm32f1xx_hal_msp.o
                0x000000000800110c                HAL_MspInit
 .text.NMI_Handler
                0x0000000008001170        0x6 ./Core/Src/stm32f1xx_it.o
                0x0000000008001170                NMI_Handler
 .text.HardFault_Handler
                0x0000000008001176        0x6 ./Core/Src/stm32f1xx_it.o
                0x0000000008001176                HardFault_Handler
 .text.MemManage_Handler
                0x000000000800117c        0x6 ./Core/Src/stm32f1xx_it.o
                0x000000000800117c                MemManage_Handler
 .text.BusFault_Handler
                0x0000000008001182        0x6 ./Core/Src/stm32f1xx_it.o
                0x0000000008001182                BusFault_Handler
 .text.UsageFault_Handler
                0x0000000008001188        0x6 ./Core/Src/stm32f1xx_it.o
                0x0000000008001188                UsageFault_Handler
 .text.SVC_Handler
                0x000000000800118e        0xc ./Core/Src/stm32f1xx_it.o
                0x000000000800118e                SVC_Handler
 .text.DebugMon_Handler
                0x000000000800119a        0xc ./Core/Src/stm32f1xx_it.o
                0x000000000800119a                DebugMon_Handler
 .text.PendSV_Handler
                0x00000000080011a6        0xc ./Core/Src/stm32f1xx_it.o
                0x00000000080011a6                PendSV_Handler
 .text.SysTick_Handler
                0x00000000080011b2        0xc ./Core/Src/stm32f1xx_it.o
                0x00000000080011b2                SysTick_Handler
 *fill*         0x00000000080011be        0x2 
 .text.DMA1_Channel1_IRQHandler
                0x00000000080011c0       0x14 ./Core/Src/stm32f1xx_it.o
                0x00000000080011c0                DMA1_Channel1_IRQHandler
 .text.DMA1_Channel2_IRQHandler
                0x00000000080011d4       0x14 ./Core/Src/stm32f1xx_it.o
                0x00000000080011d4                DMA1_Channel2_IRQHandler
 .text.DMA1_Channel3_IRQHandler
                0x00000000080011e8       0x14 ./Core/Src/stm32f1xx_it.o
                0x00000000080011e8                DMA1_Channel3_IRQHandler
 .text.DMA1_Channel4_IRQHandler
                0x00000000080011fc       0x14 ./Core/Src/stm32f1xx_it.o
                0x00000000080011fc                DMA1_Channel4_IRQHandler
 .text.DMA1_Channel5_IRQHandler
                0x0000000008001210       0x14 ./Core/Src/stm32f1xx_it.o
                0x0000000008001210                DMA1_Channel5_IRQHandler
 .text.DMA1_Channel6_IRQHandler
                0x0000000008001224       0x14 ./Core/Src/stm32f1xx_it.o
                0x0000000008001224                DMA1_Channel6_IRQHandler
 .text.DMA1_Channel7_IRQHandler
                0x0000000008001238       0x14 ./Core/Src/stm32f1xx_it.o
                0x0000000008001238                DMA1_Channel7_IRQHandler
 .text.TIM7_IRQHandler
                0x000000000800124c       0x14 ./Core/Src/stm32f1xx_it.o
                0x000000000800124c                TIM7_IRQHandler
 .text.DMA2_Channel1_IRQHandler
                0x0000000008001260       0x14 ./Core/Src/stm32f1xx_it.o
                0x0000000008001260                DMA2_Channel1_IRQHandler
 .text.DMA2_Channel2_IRQHandler
                0x0000000008001274       0x14 ./Core/Src/stm32f1xx_it.o
                0x0000000008001274                DMA2_Channel2_IRQHandler
 .text.DMA2_Channel3_IRQHandler
                0x0000000008001288       0x14 ./Core/Src/stm32f1xx_it.o
                0x0000000008001288                DMA2_Channel3_IRQHandler
 .text.SystemInit
                0x000000000800129c        0xc ./Core/Src/system_stm32f1xx.o
                0x000000000800129c                SystemInit
 .text.MX_TIM2_Init
                0x00000000080012a8       0xc4 ./Core/Src/tim.o
                0x00000000080012a8                MX_TIM2_Init
 .text.MX_TIM3_Init
                0x000000000800136c       0xdc ./Core/Src/tim.o
                0x000000000800136c                MX_TIM3_Init
 .text.MX_TIM4_Init
                0x0000000008001448      0x100 ./Core/Src/tim.o
                0x0000000008001448                MX_TIM4_Init
 .text.MX_TIM5_Init
                0x0000000008001548       0xb0 ./Core/Src/tim.o
                0x0000000008001548                MX_TIM5_Init
 .text.MX_TIM7_Init
                0x00000000080015f8       0x6c ./Core/Src/tim.o
                0x00000000080015f8                MX_TIM7_Init
 .text.MX_TIM8_Init
                0x0000000008001664      0x11c ./Core/Src/tim.o
                0x0000000008001664                MX_TIM8_Init
 .text.HAL_TIM_PWM_MspInit
                0x0000000008001780      0x3cc ./Core/Src/tim.o
                0x0000000008001780                HAL_TIM_PWM_MspInit
 .text.HAL_TIM_Base_MspInit
                0x0000000008001b4c      0x128 ./Core/Src/tim.o
                0x0000000008001b4c                HAL_TIM_Base_MspInit
 .text.HAL_TIM_MspPostInit
                0x0000000008001c74      0x1c0 ./Core/Src/tim.o
                0x0000000008001c74                HAL_TIM_MspPostInit
 .text.Reset_Handler
                0x0000000008001e34       0x48 ./Core/Startup/startup_stm32f103zetx.o
                0x0000000008001e34                Reset_Handler
 .text.Default_Handler
                0x0000000008001e7c        0x2 ./Core/Startup/startup_stm32f103zetx.o
                0x0000000008001e7c                RTC_Alarm_IRQHandler
                0x0000000008001e7c                EXTI2_IRQHandler
                0x0000000008001e7c                TIM8_TRG_COM_IRQHandler
                0x0000000008001e7c                TIM8_CC_IRQHandler
                0x0000000008001e7c                TIM1_CC_IRQHandler
                0x0000000008001e7c                TIM6_IRQHandler
                0x0000000008001e7c                PVD_IRQHandler
                0x0000000008001e7c                SDIO_IRQHandler
                0x0000000008001e7c                EXTI3_IRQHandler
                0x0000000008001e7c                EXTI0_IRQHandler
                0x0000000008001e7c                I2C2_EV_IRQHandler
                0x0000000008001e7c                ADC1_2_IRQHandler
                0x0000000008001e7c                SPI1_IRQHandler
                0x0000000008001e7c                TAMPER_IRQHandler
                0x0000000008001e7c                TIM8_UP_IRQHandler
                0x0000000008001e7c                USART3_IRQHandler
                0x0000000008001e7c                RTC_IRQHandler
                0x0000000008001e7c                CAN1_RX1_IRQHandler
                0x0000000008001e7c                UART5_IRQHandler
                0x0000000008001e7c                ADC3_IRQHandler
                0x0000000008001e7c                TIM4_IRQHandler
                0x0000000008001e7c                I2C1_EV_IRQHandler
                0x0000000008001e7c                UART4_IRQHandler
                0x0000000008001e7c                TIM3_IRQHandler
                0x0000000008001e7c                RCC_IRQHandler
                0x0000000008001e7c                TIM1_TRG_COM_IRQHandler
                0x0000000008001e7c                Default_Handler
                0x0000000008001e7c                EXTI15_10_IRQHandler
                0x0000000008001e7c                TIM5_IRQHandler
                0x0000000008001e7c                EXTI9_5_IRQHandler
                0x0000000008001e7c                SPI2_IRQHandler
                0x0000000008001e7c                EXTI4_IRQHandler
                0x0000000008001e7c                USB_LP_CAN1_RX0_IRQHandler
                0x0000000008001e7c                USB_HP_CAN1_TX_IRQHandler
                0x0000000008001e7c                FSMC_IRQHandler
                0x0000000008001e7c                TIM1_UP_IRQHandler
                0x0000000008001e7c                WWDG_IRQHandler
                0x0000000008001e7c                TIM2_IRQHandler
                0x0000000008001e7c                TIM1_BRK_IRQHandler
                0x0000000008001e7c                EXTI1_IRQHandler
                0x0000000008001e7c                DMA2_Channel4_5_IRQHandler
                0x0000000008001e7c                USART2_IRQHandler
                0x0000000008001e7c                I2C2_ER_IRQHandler
                0x0000000008001e7c                TIM8_BRK_IRQHandler
                0x0000000008001e7c                CAN1_SCE_IRQHandler
                0x0000000008001e7c                FLASH_IRQHandler
                0x0000000008001e7c                USART1_IRQHandler
                0x0000000008001e7c                SPI3_IRQHandler
                0x0000000008001e7c                I2C1_ER_IRQHandler
                0x0000000008001e7c                USBWakeUp_IRQHandler
 *fill*         0x0000000008001e7e        0x2 
 .text.HAL_Init
                0x0000000008001e80       0x2c ./Drivers/STM32F1xx_HAL_Driver/Src/stm32f1xx_hal.o
                0x0000000008001e80                HAL_Init
 .text.HAL_InitTick
                0x0000000008001eac       0x60 ./Drivers/STM32F1xx_HAL_Driver/Src/stm32f1xx_hal.o
                0x0000000008001eac                HAL_InitTick
 .text.HAL_IncTick
                0x0000000008001f0c       0x24 ./Drivers/STM32F1xx_HAL_Driver/Src/stm32f1xx_hal.o
                0x0000000008001f0c                HAL_IncTick
 .text.HAL_GetTick
                0x0000000008001f30       0x14 ./Drivers/STM32F1xx_HAL_Driver/Src/stm32f1xx_hal.o
                0x0000000008001f30                HAL_GetTick
 .text.HAL_Delay
                0x0000000008001f44       0x48 ./Drivers/STM32F1xx_HAL_Driver/Src/stm32f1xx_hal.o
                0x0000000008001f44                HAL_Delay
 .text.HAL_CAN_Init
                0x0000000008001f8c      0x1f6 ./Drivers/STM32F1xx_HAL_Driver/Src/stm32f1xx_hal_can.o
                0x0000000008001f8c                HAL_CAN_Init
 .text.HAL_CAN_Start
                0x0000000008002182       0x88 ./Drivers/STM32F1xx_HAL_Driver/Src/stm32f1xx_hal_can.o
                0x0000000008002182                HAL_CAN_Start
 *fill*         0x000000000800220a        0x2 
 .text.__NVIC_SetPriorityGrouping
                0x000000000800220c       0x48 ./Drivers/STM32F1xx_HAL_Driver/Src/stm32f1xx_hal_cortex.o
 .text.__NVIC_GetPriorityGrouping
                0x0000000008002254       0x1c ./Drivers/STM32F1xx_HAL_Driver/Src/stm32f1xx_hal_cortex.o
 .text.__NVIC_EnableIRQ
                0x0000000008002270       0x38 ./Drivers/STM32F1xx_HAL_Driver/Src/stm32f1xx_hal_cortex.o
 .text.__NVIC_SetPriority
                0x00000000080022a8       0x54 ./Drivers/STM32F1xx_HAL_Driver/Src/stm32f1xx_hal_cortex.o
 .text.NVIC_EncodePriority
                0x00000000080022fc       0x64 ./Drivers/STM32F1xx_HAL_Driver/Src/stm32f1xx_hal_cortex.o
 .text.SysTick_Config
                0x0000000008002360       0x44 ./Drivers/STM32F1xx_HAL_Driver/Src/stm32f1xx_hal_cortex.o
 .text.HAL_NVIC_SetPriorityGrouping
                0x00000000080023a4       0x16 ./Drivers/STM32F1xx_HAL_Driver/Src/stm32f1xx_hal_cortex.o
                0x00000000080023a4                HAL_NVIC_SetPriorityGrouping
 .text.HAL_NVIC_SetPriority
                0x00000000080023ba       0x38 ./Drivers/STM32F1xx_HAL_Driver/Src/stm32f1xx_hal_cortex.o
                0x00000000080023ba                HAL_NVIC_SetPriority
 .text.HAL_NVIC_EnableIRQ
                0x00000000080023f2       0x1c ./Drivers/STM32F1xx_HAL_Driver/Src/stm32f1xx_hal_cortex.o
                0x00000000080023f2                HAL_NVIC_EnableIRQ
 .text.HAL_SYSTICK_Config
                0x000000000800240e       0x18 ./Drivers/STM32F1xx_HAL_Driver/Src/stm32f1xx_hal_cortex.o
                0x000000000800240e                HAL_SYSTICK_Config
 *fill*         0x0000000008002426        0x2 
 .text.HAL_DMA_Init
                0x0000000008002428       0xec ./Drivers/STM32F1xx_HAL_Driver/Src/stm32f1xx_hal_dma.o
                0x0000000008002428                HAL_DMA_Init
 .text.HAL_DMA_Start_IT
                0x0000000008002514       0xc0 ./Drivers/STM32F1xx_HAL_Driver/Src/stm32f1xx_hal_dma.o
                0x0000000008002514                HAL_DMA_Start_IT
 .text.HAL_DMA_Abort_IT
                0x00000000080025d4      0x210 ./Drivers/STM32F1xx_HAL_Driver/Src/stm32f1xx_hal_dma.o
                0x00000000080025d4                HAL_DMA_Abort_IT
 .text.HAL_DMA_IRQHandler
                0x00000000080027e4      0x478 ./Drivers/STM32F1xx_HAL_Driver/Src/stm32f1xx_hal_dma.o
                0x00000000080027e4                HAL_DMA_IRQHandler
 .text.DMA_SetConfig
                0x0000000008002c5c       0x5a ./Drivers/STM32F1xx_HAL_Driver/Src/stm32f1xx_hal_dma.o
 *fill*         0x0000000008002cb6        0x2 
 .text.HAL_GPIO_Init
                0x0000000008002cb8      0x328 ./Drivers/STM32F1xx_HAL_Driver/Src/stm32f1xx_hal_gpio.o
                0x0000000008002cb8                HAL_GPIO_Init
 .text.HAL_GPIO_ReadPin
                0x0000000008002fe0       0x2e ./Drivers/STM32F1xx_HAL_Driver/Src/stm32f1xx_hal_gpio.o
                0x0000000008002fe0                HAL_GPIO_ReadPin
 .text.HAL_GPIO_WritePin
                0x000000000800300e       0x30 ./Drivers/STM32F1xx_HAL_Driver/Src/stm32f1xx_hal_gpio.o
                0x000000000800300e                HAL_GPIO_WritePin
 .text.HAL_GPIO_TogglePin
                0x000000000800303e       0x32 ./Drivers/STM32F1xx_HAL_Driver/Src/stm32f1xx_hal_gpio.o
                0x000000000800303e                HAL_GPIO_TogglePin
 .text.HAL_RCC_OscConfig
                0x0000000008003070      0x504 ./Drivers/STM32F1xx_HAL_Driver/Src/stm32f1xx_hal_rcc.o
                0x0000000008003070                HAL_RCC_OscConfig
 .text.HAL_RCC_ClockConfig
                0x0000000008003574      0x1d4 ./Drivers/STM32F1xx_HAL_Driver/Src/stm32f1xx_hal_rcc.o
                0x0000000008003574                HAL_RCC_ClockConfig
 .text.HAL_RCC_GetSysClockFreq
                0x0000000008003748       0xa8 ./Drivers/STM32F1xx_HAL_Driver/Src/stm32f1xx_hal_rcc.o
                0x0000000008003748                HAL_RCC_GetSysClockFreq
 .text.RCC_Delay
                0x00000000080037f0       0x3c ./Drivers/STM32F1xx_HAL_Driver/Src/stm32f1xx_hal_rcc.o
 .text.HAL_TIM_Base_Init
                0x000000000800382c       0x9e ./Drivers/STM32F1xx_HAL_Driver/Src/stm32f1xx_hal_tim.o
                0x000000000800382c                HAL_TIM_Base_Init
 *fill*         0x00000000080038ca        0x2 
 .text.HAL_TIM_Base_Start_IT
                0x00000000080038cc       0xc0 ./Drivers/STM32F1xx_HAL_Driver/Src/stm32f1xx_hal_tim.o
                0x00000000080038cc                HAL_TIM_Base_Start_IT
 .text.HAL_TIM_PWM_Init
                0x000000000800398c       0x9e ./Drivers/STM32F1xx_HAL_Driver/Src/stm32f1xx_hal_tim.o
                0x000000000800398c                HAL_TIM_PWM_Init
 *fill*         0x0000000008003a2a        0x2 
 .text.HAL_TIM_PWM_Start_DMA
                0x0000000008003a2c      0x374 ./Drivers/STM32F1xx_HAL_Driver/Src/stm32f1xx_hal_tim.o
                0x0000000008003a2c                HAL_TIM_PWM_Start_DMA
 .text.HAL_TIM_PWM_Stop_DMA
                0x0000000008003da0      0x1a4 ./Drivers/STM32F1xx_HAL_Driver/Src/stm32f1xx_hal_tim.o
                0x0000000008003da0                HAL_TIM_PWM_Stop_DMA
 .text.HAL_TIM_IRQHandler
                0x0000000008003f44      0x210 ./Drivers/STM32F1xx_HAL_Driver/Src/stm32f1xx_hal_tim.o
                0x0000000008003f44                HAL_TIM_IRQHandler
 .text.HAL_TIM_PWM_ConfigChannel
                0x0000000008004154      0x184 ./Drivers/STM32F1xx_HAL_Driver/Src/stm32f1xx_hal_tim.o
                0x0000000008004154                HAL_TIM_PWM_ConfigChannel
 .text.HAL_TIM_ConfigClockSource
                0x00000000080042d8      0x18e ./Drivers/STM32F1xx_HAL_Driver/Src/stm32f1xx_hal_tim.o
                0x00000000080042d8                HAL_TIM_ConfigClockSource
 .text.HAL_TIM_OC_DelayElapsedCallback
                0x0000000008004466       0x12 ./Drivers/STM32F1xx_HAL_Driver/Src/stm32f1xx_hal_tim.o
                0x0000000008004466                HAL_TIM_OC_DelayElapsedCallback
 .text.HAL_TIM_IC_CaptureCallback
                0x0000000008004478       0x12 ./Drivers/STM32F1xx_HAL_Driver/Src/stm32f1xx_hal_tim.o
                0x0000000008004478                HAL_TIM_IC_CaptureCallback
 .text.HAL_TIM_PWM_PulseFinishedHalfCpltCallback
                0x000000000800448a       0x12 ./Drivers/STM32F1xx_HAL_Driver/Src/stm32f1xx_hal_tim.o
                0x000000000800448a                HAL_TIM_PWM_PulseFinishedHalfCpltCallback
 .text.HAL_TIM_TriggerCallback
                0x000000000800449c       0x12 ./Drivers/STM32F1xx_HAL_Driver/Src/stm32f1xx_hal_tim.o
                0x000000000800449c                HAL_TIM_TriggerCallback
 .text.HAL_TIM_ErrorCallback
                0x00000000080044ae       0x12 ./Drivers/STM32F1xx_HAL_Driver/Src/stm32f1xx_hal_tim.o
                0x00000000080044ae                HAL_TIM_ErrorCallback
 .text.TIM_DMAError
                0x00000000080044c0       0x92 ./Drivers/STM32F1xx_HAL_Driver/Src/stm32f1xx_hal_tim.o
                0x00000000080044c0                TIM_DMAError
 .text.TIM_DMADelayPulseCplt
                0x0000000008004552       0xa8 ./Drivers/STM32F1xx_HAL_Driver/Src/stm32f1xx_hal_tim.o
 .text.TIM_DMADelayPulseHalfCplt
                0x00000000080045fa       0x68 ./Drivers/STM32F1xx_HAL_Driver/Src/stm32f1xx_hal_tim.o
                0x00000000080045fa                TIM_DMADelayPulseHalfCplt
 *fill*         0x0000000008004662        0x2 
 .text.TIM_Base_SetConfig
                0x0000000008004664       0xf4 ./Drivers/STM32F1xx_HAL_Driver/Src/stm32f1xx_hal_tim.o
                0x0000000008004664                TIM_Base_SetConfig
 .text.TIM_OC1_SetConfig
                0x0000000008004758       0xe0 ./Drivers/STM32F1xx_HAL_Driver/Src/stm32f1xx_hal_tim.o
 .text.TIM_OC2_SetConfig
                0x0000000008004838       0xe8 ./Drivers/STM32F1xx_HAL_Driver/Src/stm32f1xx_hal_tim.o
                0x0000000008004838                TIM_OC2_SetConfig
 .text.TIM_OC3_SetConfig
                0x0000000008004920       0xe8 ./Drivers/STM32F1xx_HAL_Driver/Src/stm32f1xx_hal_tim.o
 .text.TIM_OC4_SetConfig
                0x0000000008004a08       0xa8 ./Drivers/STM32F1xx_HAL_Driver/Src/stm32f1xx_hal_tim.o
 .text.TIM_TI1_ConfigInputStage
                0x0000000008004ab0       0x5c ./Drivers/STM32F1xx_HAL_Driver/Src/stm32f1xx_hal_tim.o
 .text.TIM_TI2_ConfigInputStage
                0x0000000008004b0c       0x5e ./Drivers/STM32F1xx_HAL_Driver/Src/stm32f1xx_hal_tim.o
 .text.TIM_ITRx_SetConfig
                0x0000000008004b6a       0x34 ./Drivers/STM32F1xx_HAL_Driver/Src/stm32f1xx_hal_tim.o
 .text.TIM_ETR_SetConfig
                0x0000000008004b9e       0x3e ./Drivers/STM32F1xx_HAL_Driver/Src/stm32f1xx_hal_tim.o
                0x0000000008004b9e                TIM_ETR_SetConfig
 .text.TIM_CCxChannelCmd
                0x0000000008004bdc       0x48 ./Drivers/STM32F1xx_HAL_Driver/Src/stm32f1xx_hal_tim.o
                0x0000000008004bdc                TIM_CCxChannelCmd
 .text.HAL_TIMEx_MasterConfigSynchronization
                0x0000000008004c24       0xd8 ./Drivers/STM32F1xx_HAL_Driver/Src/stm32f1xx_hal_tim_ex.o
                0x0000000008004c24                HAL_TIMEx_MasterConfigSynchronization
 .text.HAL_TIMEx_ConfigBreakDeadTime
                0x0000000008004cfc       0xa2 ./Drivers/STM32F1xx_HAL_Driver/Src/stm32f1xx_hal_tim_ex.o
                0x0000000008004cfc                HAL_TIMEx_ConfigBreakDeadTime
 .text.HAL_TIMEx_CommutCallback
                0x0000000008004d9e       0x12 ./Drivers/STM32F1xx_HAL_Driver/Src/stm32f1xx_hal_tim_ex.o
                0x0000000008004d9e                HAL_TIMEx_CommutCallback
 .text.HAL_TIMEx_BreakCallback
                0x0000000008004db0       0x12 ./Drivers/STM32F1xx_HAL_Driver/Src/stm32f1xx_hal_tim_ex.o
                0x0000000008004db0                HAL_TIMEx_BreakCallback
 .text.memset   0x0000000008004dc2       0x10 C:/ST/STM32CubeIDE_1.4.0/STM32CubeIDE/plugins/com.st.stm32cube.ide.mcu.externaltools.gnu-tools-for-stm32.11.3.rel1.win32_1.1.100.202309141235/tools/bin/../lib/gcc/arm-none-eabi/11.3.1/../../../../arm-none-eabi/lib/thumb/v7-m/nofp\libc_nano.a(libc_a-memset.o)
                0x0000000008004dc2                memset
 *fill*         0x0000000008004dd2        0x2 
 .text.__libc_init_array
                0x0000000008004dd4       0x48 C:/ST/STM32CubeIDE_1.4.0/STM32CubeIDE/plugins/com.st.stm32cube.ide.mcu.externaltools.gnu-tools-for-stm32.11.3.rel1.win32_1.1.100.202309141235/tools/bin/../lib/gcc/arm-none-eabi/11.3.1/../../../../arm-none-eabi/lib/thumb/v7-m/nofp\libc_nano.a(libc_a-init.o)
                0x0000000008004dd4                __libc_init_array
 *(.glue_7)
 .glue_7        0x0000000008004e1c        0x0 linker stubs
 *(.glue_7t)
 .glue_7t       0x0000000008004e1c        0x0 linker stubs
 *(.eh_frame)
 .eh_frame      0x0000000008004e1c        0x0 C:/ST/STM32CubeIDE_1.4.0/STM32CubeIDE/plugins/com.st.stm32cube.ide.mcu.externaltools.gnu-tools-for-stm32.11.3.rel1.win32_1.1.100.202309141235/tools/bin/../lib/gcc/arm-none-eabi/11.3.1/thumb/v7-m/nofp/crtbegin.o
 *(.init)
 .init          0x0000000008004e1c        0x4 C:/ST/STM32CubeIDE_1.4.0/STM32CubeIDE/plugins/com.st.stm32cube.ide.mcu.externaltools.gnu-tools-for-stm32.11.3.rel1.win32_1.1.100.202309141235/tools/bin/../lib/gcc/arm-none-eabi/11.3.1/thumb/v7-m/nofp/crti.o
                0x0000000008004e1c                _init
 .init          0x0000000008004e20        0x8 C:/ST/STM32CubeIDE_1.4.0/STM32CubeIDE/plugins/com.st.stm32cube.ide.mcu.externaltools.gnu-tools-for-stm32.11.3.rel1.win32_1.1.100.202309141235/tools/bin/../lib/gcc/arm-none-eabi/11.3.1/thumb/v7-m/nofp/crtn.o
 *(.fini)
 .fini          0x0000000008004e28        0x4 C:/ST/STM32CubeIDE_1.4.0/STM32CubeIDE/plugins/com.st.stm32cube.ide.mcu.externaltools.gnu-tools-for-stm32.11.3.rel1.win32_1.1.100.202309141235/tools/bin/../lib/gcc/arm-none-eabi/11.3.1/thumb/v7-m/nofp/crti.o
                0x0000000008004e28                _fini
 .fini          0x0000000008004e2c        0x8 C:/ST/STM32CubeIDE_1.4.0/STM32CubeIDE/plugins/com.st.stm32cube.ide.mcu.externaltools.gnu-tools-for-stm32.11.3.rel1.win32_1.1.100.202309141235/tools/bin/../lib/gcc/arm-none-eabi/11.3.1/thumb/v7-m/nofp/crtn.o
                0x0000000008004e34                . = ALIGN (0x4)
                0x0000000008004e34                _etext = .

.vfp11_veneer   0x0000000008004e34        0x0
 .vfp11_veneer  0x0000000008004e34        0x0 linker stubs

.v4_bx          0x0000000008004e34        0x0
 .v4_bx         0x0000000008004e34        0x0 linker stubs

.iplt           0x0000000008004e34        0x0
 .iplt          0x0000000008004e34        0x0 C:/ST/STM32CubeIDE_1.4.0/STM32CubeIDE/plugins/com.st.stm32cube.ide.mcu.externaltools.gnu-tools-for-stm32.11.3.rel1.win32_1.1.100.202309141235/tools/bin/../lib/gcc/arm-none-eabi/11.3.1/thumb/v7-m/nofp/crtbegin.o

.rodata         0x0000000008004e34       0xb8
                0x0000000008004e34                . = ALIGN (0x4)
 *(.rodata)
 *(.rodata*)
 .rodata.colors
                0x0000000008004e34       0x7c ./Core/Src/LED.o
                0x0000000008004e34                colors
 .rodata.ttable
                0x0000000008004eb0       0x18 ./Core/Src/rotary.o
                0x0000000008004eb0                ttable
 .rodata.AHBPrescTable
                0x0000000008004ec8       0x10 ./Core/Src/system_stm32f1xx.o
                0x0000000008004ec8                AHBPrescTable
 .rodata.aPLLMULFactorTable.1
                0x0000000008004ed8       0x10 ./Drivers/STM32F1xx_HAL_Driver/Src/stm32f1xx_hal_rcc.o
 .rodata.aPredivFactorTable.0
                0x0000000008004ee8        0x2 ./Drivers/STM32F1xx_HAL_Driver/Src/stm32f1xx_hal_rcc.o
                0x0000000008004eec                . = ALIGN (0x4)
 *fill*         0x0000000008004eea        0x2 

.rel.dyn        0x0000000008004eec        0x0
 .rel.iplt      0x0000000008004eec        0x0 C:/ST/STM32CubeIDE_1.4.0/STM32CubeIDE/plugins/com.st.stm32cube.ide.mcu.externaltools.gnu-tools-for-stm32.11.3.rel1.win32_1.1.100.202309141235/tools/bin/../lib/gcc/arm-none-eabi/11.3.1/thumb/v7-m/nofp/crtbegin.o

.ARM.extab      0x0000000008004eec        0x0
                0x0000000008004eec                . = ALIGN (0x4)
 *(.ARM.extab* .gnu.linkonce.armextab.*)
                0x0000000008004eec                . = ALIGN (0x4)

.ARM            0x0000000008004eec        0x0
                0x0000000008004eec                . = ALIGN (0x4)
                0x0000000008004eec                __exidx_start = .
 *(.ARM.exidx*)
                0x0000000008004eec                __exidx_end = .
                0x0000000008004eec                . = ALIGN (0x4)

.preinit_array  0x0000000008004eec        0x0
                0x0000000008004eec                . = ALIGN (0x4)
                0x0000000008004eec                PROVIDE (__preinit_array_start = .)
 *(.preinit_array*)
                0x0000000008004eec                PROVIDE (__preinit_array_end = .)
                0x0000000008004eec                . = ALIGN (0x4)

.init_array     0x0000000008004eec        0x4
                0x0000000008004eec                . = ALIGN (0x4)
                0x0000000008004eec                PROVIDE (__init_array_start = .)
 *(SORT_BY_NAME(.init_array.*))
 *(.init_array*)
 .init_array    0x0000000008004eec        0x4 C:/ST/STM32CubeIDE_1.4.0/STM32CubeIDE/plugins/com.st.stm32cube.ide.mcu.externaltools.gnu-tools-for-stm32.11.3.rel1.win32_1.1.100.202309141235/tools/bin/../lib/gcc/arm-none-eabi/11.3.1/thumb/v7-m/nofp/crtbegin.o
                0x0000000008004ef0                PROVIDE (__init_array_end = .)
                0x0000000008004ef0                . = ALIGN (0x4)

.fini_array     0x0000000008004ef0        0x4
                0x0000000008004ef0                . = ALIGN (0x4)
                [!provide]                        PROVIDE (__fini_array_start = .)
 *(SORT_BY_NAME(.fini_array.*))
 *(.fini_array*)
 .fini_array    0x0000000008004ef0        0x4 C:/ST/STM32CubeIDE_1.4.0/STM32CubeIDE/plugins/com.st.stm32cube.ide.mcu.externaltools.gnu-tools-for-stm32.11.3.rel1.win32_1.1.100.202309141235/tools/bin/../lib/gcc/arm-none-eabi/11.3.1/thumb/v7-m/nofp/crtbegin.o
                [!provide]                        PROVIDE (__fini_array_end = .)
                0x0000000008004ef4                . = ALIGN (0x4)
                0x0000000008004ef4                _sidata = LOADADDR (.data)

.data           0x0000000020000000        0xc load address 0x0000000008004ef4
                0x0000000020000000                . = ALIGN (0x4)
                0x0000000020000000                _sdata = .
 *(.data)
 *(.data*)
 .data.SystemCoreClock
                0x0000000020000000        0x4 ./Core/Src/system_stm32f1xx.o
                0x0000000020000000                SystemCoreClock
 .data.uwTickPrio
                0x0000000020000004        0x4 ./Drivers/STM32F1xx_HAL_Driver/Src/stm32f1xx_hal.o
                0x0000000020000004                uwTickPrio
 .data.uwTickFreq
                0x0000000020000008        0x1 ./Drivers/STM32F1xx_HAL_Driver/Src/stm32f1xx_hal.o
                0x0000000020000008                uwTickFreq
 *(.RamFunc)
 *(.RamFunc*)
                0x000000002000000c                . = ALIGN (0x4)
 *fill*         0x0000000020000009        0x3 
                0x000000002000000c                _edata = .

.igot.plt       0x000000002000000c        0x0 load address 0x0000000008004f00
 .igot.plt      0x000000002000000c        0x0 C:/ST/STM32CubeIDE_1.4.0/STM32CubeIDE/plugins/com.st.stm32cube.ide.mcu.externaltools.gnu-tools-for-stm32.11.3.rel1.win32_1.1.100.202309141235/tools/bin/../lib/gcc/arm-none-eabi/11.3.1/thumb/v7-m/nofp/crtbegin.o
                0x000000002000000c                . = ALIGN (0x4)

.bss            0x000000002000000c     0x86c4 load address 0x0000000008004f00
                0x000000002000000c                _sbss = .
                0x000000002000000c                __bss_start__ = _sbss
 *(.bss)
 .bss           0x000000002000000c       0x1c C:/ST/STM32CubeIDE_1.4.0/STM32CubeIDE/plugins/com.st.stm32cube.ide.mcu.externaltools.gnu-tools-for-stm32.11.3.rel1.win32_1.1.100.202309141235/tools/bin/../lib/gcc/arm-none-eabi/11.3.1/thumb/v7-m/nofp/crtbegin.o
 *(.bss*)
 .bss.pBuff     0x0000000020000028        0x4 ./Core/Src/LED.o
                0x0000000020000028                pBuff
 .bss.hcan      0x000000002000002c       0x28 ./Core/Src/can.o
                0x000000002000002c                hcan
 .bss.rotary    0x0000000020000054      0x460 ./Core/Src/main.o
                0x0000000020000054                rotary
 .bss.modules   0x00000000200004b4     0x7da0 ./Core/Src/main.o
                0x00000000200004b4                modules
 .bss.TxHeader  0x0000000020008254       0x18 ./Core/Src/main.o
                0x0000000020008254                TxHeader
 .bss.TxData    0x000000002000826c        0x8 ./Core/Src/main.o
                0x000000002000826c                TxData
 .bss.htim2     0x0000000020008274       0x48 ./Core/Src/tim.o
                0x0000000020008274                htim2
 .bss.htim3     0x00000000200082bc       0x48 ./Core/Src/tim.o
                0x00000000200082bc                htim3
 .bss.htim4     0x0000000020008304       0x48 ./Core/Src/tim.o
                0x0000000020008304                htim4
 .bss.htim5     0x000000002000834c       0x48 ./Core/Src/tim.o
                0x000000002000834c                htim5
 .bss.htim7     0x0000000020008394       0x48 ./Core/Src/tim.o
                0x0000000020008394                htim7
 .bss.htim8     0x00000000200083dc       0x48 ./Core/Src/tim.o
                0x00000000200083dc                htim8
 .bss.hdma_tim2_ch3
                0x0000000020008424       0x44 ./Core/Src/tim.o
                0x0000000020008424                hdma_tim2_ch3
 .bss.hdma_tim2_ch2_ch4
                0x0000000020008468       0x44 ./Core/Src/tim.o
                0x0000000020008468                hdma_tim2_ch2_ch4
 .bss.hdma_tim3_ch1_trig
                0x00000000200084ac       0x44 ./Core/Src/tim.o
                0x00000000200084ac                hdma_tim3_ch1_trig
 .bss.hdma_tim3_ch3
                0x00000000200084f0       0x44 ./Core/Src/tim.o
                0x00000000200084f0                hdma_tim3_ch3
 .bss.hdma_tim3_ch4_up
                0x0000000020008534       0x44 ./Core/Src/tim.o
                0x0000000020008534                hdma_tim3_ch4_up
 .bss.hdma_tim4_ch2
                0x0000000020008578       0x44 ./Core/Src/tim.o
                0x0000000020008578                hdma_tim4_ch2
 .bss.hdma_tim4_ch3
                0x00000000200085bc       0x44 ./Core/Src/tim.o
                0x00000000200085bc                hdma_tim4_ch3
 .bss.hdma_tim5_ch4_trig
                0x0000000020008600       0x44 ./Core/Src/tim.o
                0x0000000020008600                hdma_tim5_ch4_trig
 .bss.hdma_tim8_ch4_trig_com
                0x0000000020008644       0x44 ./Core/Src/tim.o
                0x0000000020008644                hdma_tim8_ch4_trig_com
 .bss.hdma_tim8_ch1
                0x0000000020008688       0x44 ./Core/Src/tim.o
                0x0000000020008688                hdma_tim8_ch1
 .bss.uwTick    0x00000000200086cc        0x4 ./Drivers/STM32F1xx_HAL_Driver/Src/stm32f1xx_hal.o
                0x00000000200086cc                uwTick
 *(COMMON)
                0x00000000200086d0                . = ALIGN (0x4)
                0x00000000200086d0                _ebss = .
                0x00000000200086d0                __bss_end__ = _ebss

._user_heap_stack
                0x00000000200086d0      0x600 load address 0x0000000008004f00
                0x00000000200086d0                . = ALIGN (0x8)
                [!provide]                        PROVIDE (end = .)
                0x00000000200086d0                PROVIDE (_end = .)
                0x00000000200088d0                . = (. + _Min_Heap_Size)
 *fill*         0x00000000200086d0      0x200 
                0x0000000020008cd0                . = (. + _Min_Stack_Size)
 *fill*         0x00000000200088d0      0x400 
                0x0000000020008cd0                . = ALIGN (0x8)

/DISCARD/
 libc.a(*)
 libm.a(*)
 libgcc.a(*)

.ARM.attributes
                0x0000000000000000       0x29
 *(.ARM.attributes)
 .ARM.attributes
                0x0000000000000000       0x1d C:/ST/STM32CubeIDE_1.4.0/STM32CubeIDE/plugins/com.st.stm32cube.ide.mcu.externaltools.gnu-tools-for-stm32.11.3.rel1.win32_1.1.100.202309141235/tools/bin/../lib/gcc/arm-none-eabi/11.3.1/thumb/v7-m/nofp/crti.o
 .ARM.attributes
                0x000000000000001d       0x2d C:/ST/STM32CubeIDE_1.4.0/STM32CubeIDE/plugins/com.st.stm32cube.ide.mcu.externaltools.gnu-tools-for-stm32.11.3.rel1.win32_1.1.100.202309141235/tools/bin/../lib/gcc/arm-none-eabi/11.3.1/thumb/v7-m/nofp/crtbegin.o
 .ARM.attributes
                0x000000000000004a       0x2d ./Core/Src/LED.o
 .ARM.attributes
                0x0000000000000077       0x2d ./Core/Src/can.o
 .ARM.attributes
                0x00000000000000a4       0x2d ./Core/Src/dma.o
 .ARM.attributes
                0x00000000000000d1       0x2d ./Core/Src/gpio.o
 .ARM.attributes
                0x00000000000000fe       0x2d ./Core/Src/main.o
 .ARM.attributes
                0x000000000000012b       0x2d ./Core/Src/rotary.o
 .ARM.attributes
                0x0000000000000158       0x2d ./Core/Src/stm32f1xx_hal_msp.o
 .ARM.attributes
                0x0000000000000185       0x2d ./Core/Src/stm32f1xx_it.o
 .ARM.attributes
                0x00000000000001b2       0x2d ./Core/Src/system_stm32f1xx.o
 .ARM.attributes
                0x00000000000001df       0x2d ./Core/Src/tim.o
 .ARM.attributes
                0x000000000000020c       0x21 ./Core/Startup/startup_stm32f103zetx.o
 .ARM.attributes
                0x000000000000022d       0x2d ./Drivers/STM32F1xx_HAL_Driver/Src/stm32f1xx_hal.o
 .ARM.attributes
                0x000000000000025a       0x2d ./Drivers/STM32F1xx_HAL_Driver/Src/stm32f1xx_hal_can.o
 .ARM.attributes
                0x0000000000000287       0x2d ./Drivers/STM32F1xx_HAL_Driver/Src/stm32f1xx_hal_cortex.o
 .ARM.attributes
                0x00000000000002b4       0x2d ./Drivers/STM32F1xx_HAL_Driver/Src/stm32f1xx_hal_dma.o
 .ARM.attributes
                0x00000000000002e1       0x2d ./Drivers/STM32F1xx_HAL_Driver/Src/stm32f1xx_hal_gpio.o
 .ARM.attributes
                0x000000000000030e       0x2d ./Drivers/STM32F1xx_HAL_Driver/Src/stm32f1xx_hal_rcc.o
 .ARM.attributes
                0x000000000000033b       0x2d ./Drivers/STM32F1xx_HAL_Driver/Src/stm32f1xx_hal_tim.o
 .ARM.attributes
                0x0000000000000368       0x2d ./Drivers/STM32F1xx_HAL_Driver/Src/stm32f1xx_hal_tim_ex.o
 .ARM.attributes
                0x0000000000000395       0x2d C:/ST/STM32CubeIDE_1.4.0/STM32CubeIDE/plugins/com.st.stm32cube.ide.mcu.externaltools.gnu-tools-for-stm32.11.3.rel1.win32_1.1.100.202309141235/tools/bin/../lib/gcc/arm-none-eabi/11.3.1/../../../../arm-none-eabi/lib/thumb/v7-m/nofp\libc_nano.a(libc_a-memset.o)
 .ARM.attributes
                0x00000000000003c2       0x2d C:/ST/STM32CubeIDE_1.4.0/STM32CubeIDE/plugins/com.st.stm32cube.ide.mcu.externaltools.gnu-tools-for-stm32.11.3.rel1.win32_1.1.100.202309141235/tools/bin/../lib/gcc/arm-none-eabi/11.3.1/../../../../arm-none-eabi/lib/thumb/v7-m/nofp\libc_nano.a(libc_a-init.o)
 .ARM.attributes
                0x00000000000003ef       0x1d C:/ST/STM32CubeIDE_1.4.0/STM32CubeIDE/plugins/com.st.stm32cube.ide.mcu.externaltools.gnu-tools-for-stm32.11.3.rel1.win32_1.1.100.202309141235/tools/bin/../lib/gcc/arm-none-eabi/11.3.1/thumb/v7-m/nofp/crtn.o
OUTPUT(F103ZET6_NEO.elf elf32-littlearm)
LOAD linker stubs
LOAD C:/ST/STM32CubeIDE_1.4.0/STM32CubeIDE/plugins/com.st.stm32cube.ide.mcu.externaltools.gnu-tools-for-stm32.11.3.rel1.win32_1.1.100.202309141235/tools/bin/../lib/gcc/arm-none-eabi/11.3.1/../../../../arm-none-eabi/lib/thumb/v7-m/nofp\libc.a
LOAD C:/ST/STM32CubeIDE_1.4.0/STM32CubeIDE/plugins/com.st.stm32cube.ide.mcu.externaltools.gnu-tools-for-stm32.11.3.rel1.win32_1.1.100.202309141235/tools/bin/../lib/gcc/arm-none-eabi/11.3.1/../../../../arm-none-eabi/lib/thumb/v7-m/nofp\libm.a
LOAD C:/ST/STM32CubeIDE_1.4.0/STM32CubeIDE/plugins/com.st.stm32cube.ide.mcu.externaltools.gnu-tools-for-stm32.11.3.rel1.win32_1.1.100.202309141235/tools/bin/../lib/gcc/arm-none-eabi/11.3.1/thumb/v7-m/nofp\libgcc.a

.comment        0x0000000000000000       0x43
 .comment       0x0000000000000000       0x43 C:/ST/STM32CubeIDE_1.4.0/STM32CubeIDE/plugins/com.st.stm32cube.ide.mcu.externaltools.gnu-tools-for-stm32.11.3.rel1.win32_1.1.100.202309141235/tools/bin/../lib/gcc/arm-none-eabi/11.3.1/thumb/v7-m/nofp/crtbegin.o
                                         0x44 (size before relaxing)
 .comment       0x0000000000000043       0x44 ./Core/Src/LED.o
 .comment       0x0000000000000043       0x44 ./Core/Src/can.o
 .comment       0x0000000000000043       0x44 ./Core/Src/dma.o
 .comment       0x0000000000000043       0x44 ./Core/Src/gpio.o
 .comment       0x0000000000000043       0x44 ./Core/Src/main.o
 .comment       0x0000000000000043       0x44 ./Core/Src/rotary.o
 .comment       0x0000000000000043       0x44 ./Core/Src/stm32f1xx_hal_msp.o
 .comment       0x0000000000000043       0x44 ./Core/Src/stm32f1xx_it.o
 .comment       0x0000000000000043       0x44 ./Core/Src/system_stm32f1xx.o
 .comment       0x0000000000000043       0x44 ./Core/Src/tim.o
 .comment       0x0000000000000043       0x44 ./Drivers/STM32F1xx_HAL_Driver/Src/stm32f1xx_hal.o
 .comment       0x0000000000000043       0x44 ./Drivers/STM32F1xx_HAL_Driver/Src/stm32f1xx_hal_can.o
 .comment       0x0000000000000043       0x44 ./Drivers/STM32F1xx_HAL_Driver/Src/stm32f1xx_hal_cortex.o
 .comment       0x0000000000000043       0x44 ./Drivers/STM32F1xx_HAL_Driver/Src/stm32f1xx_hal_dma.o
 .comment       0x0000000000000043       0x44 ./Drivers/STM32F1xx_HAL_Driver/Src/stm32f1xx_hal_gpio.o
 .comment       0x0000000000000043       0x44 ./Drivers/STM32F1xx_HAL_Driver/Src/stm32f1xx_hal_rcc.o
 .comment       0x0000000000000043       0x44 ./Drivers/STM32F1xx_HAL_Driver/Src/stm32f1xx_hal_tim.o
 .comment       0x0000000000000043       0x44 ./Drivers/STM32F1xx_HAL_Driver/Src/stm32f1xx_hal_tim_ex.o

.debug_info     0x0000000000000000     0xbd7a
 .debug_info    0x0000000000000000      0xa32 ./Core/Src/LED.o
 .debug_info    0x0000000000000a32      0x766 ./Core/Src/can.o
 .debug_info    0x0000000000001198      0x34e ./Core/Src/dma.o
 .debug_info    0x00000000000014e6      0x327 ./Core/Src/gpio.o
 .debug_info    0x000000000000180d     0x1259 ./Core/Src/main.o
 .debug_info    0x0000000000002a66      0x28d ./Core/Src/rotary.o
 .debug_info    0x0000000000002cf3      0x1f1 ./Core/Src/stm32f1xx_hal_msp.o
 .debug_info    0x0000000000002ee4      0x7bc ./Core/Src/stm32f1xx_it.o
 .debug_info    0x00000000000036a0      0x222 ./Core/Src/system_stm32f1xx.o
 .debug_info    0x00000000000038c2     0x10f3 ./Core/Src/tim.o
 .debug_info    0x00000000000049b5       0x23 ./Core/Startup/startup_stm32f103zetx.o
 .debug_info    0x00000000000049d8      0x76a ./Drivers/STM32F1xx_HAL_Driver/Src/stm32f1xx_hal.o
 .debug_info    0x0000000000005142      0xf23 ./Drivers/STM32F1xx_HAL_Driver/Src/stm32f1xx_hal_can.o
 .debug_info    0x0000000000006065      0xaed ./Drivers/STM32F1xx_HAL_Driver/Src/stm32f1xx_hal_cortex.o
 .debug_info    0x0000000000006b52      0x6d2 ./Drivers/STM32F1xx_HAL_Driver/Src/stm32f1xx_hal_dma.o
 .debug_info    0x0000000000007224      0x5ab ./Drivers/STM32F1xx_HAL_Driver/Src/stm32f1xx_hal_gpio.o
 .debug_info    0x00000000000077cf      0x7d5 ./Drivers/STM32F1xx_HAL_Driver/Src/stm32f1xx_hal_rcc.o
 .debug_info    0x0000000000007fa4     0x293b ./Drivers/STM32F1xx_HAL_Driver/Src/stm32f1xx_hal_tim.o
 .debug_info    0x000000000000a8df     0x149b ./Drivers/STM32F1xx_HAL_Driver/Src/stm32f1xx_hal_tim_ex.o

.debug_abbrev   0x0000000000000000     0x2493
 .debug_abbrev  0x0000000000000000      0x23f ./Core/Src/LED.o
 .debug_abbrev  0x000000000000023f      0x212 ./Core/Src/can.o
 .debug_abbrev  0x0000000000000451      0x109 ./Core/Src/dma.o
 .debug_abbrev  0x000000000000055a      0x13f ./Core/Src/gpio.o
 .debug_abbrev  0x0000000000000699      0x37c ./Core/Src/main.o
 .debug_abbrev  0x0000000000000a15      0x14e ./Core/Src/rotary.o
 .debug_abbrev  0x0000000000000b63       0xdb ./Core/Src/stm32f1xx_hal_msp.o
 .debug_abbrev  0x0000000000000c3e      0x1af ./Core/Src/stm32f1xx_it.o
 .debug_abbrev  0x0000000000000ded      0x13f ./Core/Src/system_stm32f1xx.o
 .debug_abbrev  0x0000000000000f2c      0x288 ./Core/Src/tim.o
 .debug_abbrev  0x00000000000011b4       0x12 ./Core/Startup/startup_stm32f103zetx.o
 .debug_abbrev  0x00000000000011c6      0x201 ./Drivers/STM32F1xx_HAL_Driver/Src/stm32f1xx_hal.o
 .debug_abbrev  0x00000000000013c7      0x253 ./Drivers/STM32F1xx_HAL_Driver/Src/stm32f1xx_hal_can.o
 .debug_abbrev  0x000000000000161a      0x2f8 ./Drivers/STM32F1xx_HAL_Driver/Src/stm32f1xx_hal_cortex.o
 .debug_abbrev  0x0000000000001912      0x20b ./Drivers/STM32F1xx_HAL_Driver/Src/stm32f1xx_hal_dma.o
 .debug_abbrev  0x0000000000001b1d      0x1ca ./Drivers/STM32F1xx_HAL_Driver/Src/stm32f1xx_hal_gpio.o
 .debug_abbrev  0x0000000000001ce7      0x2b3 ./Drivers/STM32F1xx_HAL_Driver/Src/stm32f1xx_hal_rcc.o
 .debug_abbrev  0x0000000000001f9a      0x277 ./Drivers/STM32F1xx_HAL_Driver/Src/stm32f1xx_hal_tim.o
 .debug_abbrev  0x0000000000002211      0x282 ./Drivers/STM32F1xx_HAL_Driver/Src/stm32f1xx_hal_tim_ex.o

.debug_aranges  0x0000000000000000      0xc88
 .debug_aranges
                0x0000000000000000       0x60 ./Core/Src/LED.o
 .debug_aranges
                0x0000000000000060       0x30 ./Core/Src/can.o
 .debug_aranges
                0x0000000000000090       0x20 ./Core/Src/dma.o
 .debug_aranges
                0x00000000000000b0       0x20 ./Core/Src/gpio.o
 .debug_aranges
                0x00000000000000d0       0x48 ./Core/Src/main.o
 .debug_aranges
                0x0000000000000118       0x20 ./Core/Src/rotary.o
 .debug_aranges
                0x0000000000000138       0x20 ./Core/Src/stm32f1xx_hal_msp.o
 .debug_aranges
                0x0000000000000158       0xb8 ./Core/Src/stm32f1xx_it.o
 .debug_aranges
                0x0000000000000210       0x28 ./Core/Src/system_stm32f1xx.o
 .debug_aranges
                0x0000000000000238       0x70 ./Core/Src/tim.o
 .debug_aranges
                0x00000000000002a8       0x28 ./Core/Startup/startup_stm32f103zetx.o
 .debug_aranges
                0x00000000000002d0       0xe0 ./Drivers/STM32F1xx_HAL_Driver/Src/stm32f1xx_hal.o
 .debug_aranges
                0x00000000000003b0      0x138 ./Drivers/STM32F1xx_HAL_Driver/Src/stm32f1xx_hal_can.o
 .debug_aranges
                0x00000000000004e8      0x100 ./Drivers/STM32F1xx_HAL_Driver/Src/stm32f1xx_hal_cortex.o
 .debug_aranges
                0x00000000000005e8       0x80 ./Drivers/STM32F1xx_HAL_Driver/Src/stm32f1xx_hal_dma.o
 .debug_aranges
                0x0000000000000668       0x58 ./Drivers/STM32F1xx_HAL_Driver/Src/stm32f1xx_hal_gpio.o
 .debug_aranges
                0x00000000000006c0       0x90 ./Drivers/STM32F1xx_HAL_Driver/Src/stm32f1xx_hal_rcc.o
 .debug_aranges
                0x0000000000000750      0x3d0 ./Drivers/STM32F1xx_HAL_Driver/Src/stm32f1xx_hal_tim.o
 .debug_aranges
                0x0000000000000b20      0x168 ./Drivers/STM32F1xx_HAL_Driver/Src/stm32f1xx_hal_tim_ex.o

.debug_rnglists
                0x0000000000000000      0x992
 .debug_rnglists
                0x0000000000000000       0x44 ./Core/Src/LED.o
 .debug_rnglists
                0x0000000000000044       0x20 ./Core/Src/can.o
 .debug_rnglists
                0x0000000000000064       0x14 ./Core/Src/dma.o
 .debug_rnglists
                0x0000000000000078       0x14 ./Core/Src/gpio.o
 .debug_rnglists
                0x000000000000008c       0x35 ./Core/Src/main.o
 .debug_rnglists
                0x00000000000000c1       0x14 ./Core/Src/rotary.o
 .debug_rnglists
                0x00000000000000d5       0x13 ./Core/Src/stm32f1xx_hal_msp.o
 .debug_rnglists
                0x00000000000000e8       0x85 ./Core/Src/stm32f1xx_it.o
 .debug_rnglists
                0x000000000000016d       0x1a ./Core/Src/system_stm32f1xx.o
 .debug_rnglists
                0x0000000000000187       0x58 ./Core/Src/tim.o
 .debug_rnglists
                0x00000000000001df       0x19 ./Core/Startup/startup_stm32f103zetx.o
 .debug_rnglists
                0x00000000000001f8       0xa3 ./Drivers/STM32F1xx_HAL_Driver/Src/stm32f1xx_hal.o
 .debug_rnglists
                0x000000000000029b       0xee ./Drivers/STM32F1xx_HAL_Driver/Src/stm32f1xx_hal_can.o
 .debug_rnglists
                0x0000000000000389       0xbb ./Drivers/STM32F1xx_HAL_Driver/Src/stm32f1xx_hal_cortex.o
 .debug_rnglists
                0x0000000000000444       0x64 ./Drivers/STM32F1xx_HAL_Driver/Src/stm32f1xx_hal_dma.o
 .debug_rnglists
                0x00000000000004a8       0x3f ./Drivers/STM32F1xx_HAL_Driver/Src/stm32f1xx_hal_gpio.o
 .debug_rnglists
                0x00000000000004e7       0x6c ./Drivers/STM32F1xx_HAL_Driver/Src/stm32f1xx_hal_rcc.o
 .debug_rnglists
                0x0000000000000553      0x31a ./Drivers/STM32F1xx_HAL_Driver/Src/stm32f1xx_hal_tim.o
 .debug_rnglists
                0x000000000000086d      0x125 ./Drivers/STM32F1xx_HAL_Driver/Src/stm32f1xx_hal_tim_ex.o

.debug_macro    0x0000000000000000    0x19ed8
 .debug_macro   0x0000000000000000      0x1b2 ./Core/Src/LED.o
 .debug_macro   0x00000000000001b2      0xa9c ./Core/Src/LED.o
 .debug_macro   0x0000000000000c4e      0x221 ./Core/Src/LED.o
 .debug_macro   0x0000000000000e6f       0x2e ./Core/Src/LED.o
 .debug_macro   0x0000000000000e9d       0x22 ./Core/Src/LED.o
 .debug_macro   0x0000000000000ebf       0x22 ./Core/Src/LED.o
 .debug_macro   0x0000000000000ee1       0x8e ./Core/Src/LED.o
 .debug_macro   0x0000000000000f6f       0x51 ./Core/Src/LED.o
 .debug_macro   0x0000000000000fc0      0x103 ./Core/Src/LED.o
 .debug_macro   0x00000000000010c3       0x6a ./Core/Src/LED.o
 .debug_macro   0x000000000000112d      0x1df ./Core/Src/LED.o
 .debug_macro   0x000000000000130c       0x1c ./Core/Src/LED.o
 .debug_macro   0x0000000000001328       0x22 ./Core/Src/LED.o
 .debug_macro   0x000000000000134a       0xbd ./Core/Src/LED.o
 .debug_macro   0x0000000000001407      0xd23 ./Core/Src/LED.o
 .debug_macro   0x000000000000212a     0xfd8c ./Core/Src/LED.o
 .debug_macro   0x0000000000011eb6       0x6d ./Core/Src/LED.o
 .debug_macro   0x0000000000011f23     0x348d ./Core/Src/LED.o
 .debug_macro   0x00000000000153b0      0x174 ./Core/Src/LED.o
 .debug_macro   0x0000000000015524       0x5c ./Core/Src/LED.o
 .debug_macro   0x0000000000015580      0x5bc ./Core/Src/LED.o
 .debug_macro   0x0000000000015b3c      0x4d5 ./Core/Src/LED.o
 .debug_macro   0x0000000000016011      0x1cb ./Core/Src/LED.o
 .debug_macro   0x00000000000161dc      0x114 ./Core/Src/LED.o
 .debug_macro   0x00000000000162f0      0x1ea ./Core/Src/LED.o
 .debug_macro   0x00000000000164da       0x27 ./Core/Src/LED.o
 .debug_macro   0x0000000000016501      0x144 ./Core/Src/LED.o
 .debug_macro   0x0000000000016645      0x1bc ./Core/Src/LED.o
 .debug_macro   0x0000000000016801       0x30 ./Core/Src/LED.o
 .debug_macro   0x0000000000016831       0x3c ./Core/Src/LED.o
 .debug_macro   0x000000000001686d      0x408 ./Core/Src/LED.o
 .debug_macro   0x0000000000016c75       0x57 ./Core/Src/LED.o
 .debug_macro   0x0000000000016ccc       0x87 ./Core/Src/LED.o
 .debug_macro   0x0000000000016d53      0x24f ./Core/Src/LED.o
 .debug_macro   0x0000000000016fa2      0x140 ./Core/Src/LED.o
 .debug_macro   0x00000000000170e2      0x8ed ./Core/Src/LED.o
 .debug_macro   0x00000000000179cf       0xb5 ./Core/Src/LED.o
 .debug_macro   0x0000000000017a84      0x118 ./Core/Src/LED.o
 .debug_macro   0x0000000000017b9c      0x1bc ./Core/Src/can.o
 .debug_macro   0x0000000000017d58      0x43c ./Core/Src/can.o
 .debug_macro   0x0000000000018194      0x1bc ./Core/Src/dma.o
 .debug_macro   0x0000000000018350      0x1bc ./Core/Src/gpio.o
 .debug_macro   0x000000000001850c      0x1f6 ./Core/Src/main.o
 .debug_macro   0x0000000000018702       0x28 ./Core/Src/main.o
 .debug_macro   0x000000000001872a      0x11e ./Core/Src/main.o
 .debug_macro   0x0000000000018848      0x1df ./Core/Src/rotary.o
 .debug_macro   0x0000000000018a27       0x22 ./Core/Src/rotary.o
 .debug_macro   0x0000000000018a49      0x1b2 ./Core/Src/stm32f1xx_hal_msp.o
 .debug_macro   0x0000000000018bfb      0x1bc ./Core/Src/stm32f1xx_it.o
 .debug_macro   0x0000000000018db7      0x1a3 ./Core/Src/system_stm32f1xx.o
 .debug_macro   0x0000000000018f5a      0x1bc ./Core/Src/tim.o
 .debug_macro   0x0000000000019116      0x1c7 ./Drivers/STM32F1xx_HAL_Driver/Src/stm32f1xx_hal.o
 .debug_macro   0x00000000000192dd      0x1ab ./Drivers/STM32F1xx_HAL_Driver/Src/stm32f1xx_hal_can.o
 .debug_macro   0x0000000000019488      0x1a3 ./Drivers/STM32F1xx_HAL_Driver/Src/stm32f1xx_hal_cortex.o
 .debug_macro   0x000000000001962b      0x1a3 ./Drivers/STM32F1xx_HAL_Driver/Src/stm32f1xx_hal_dma.o
 .debug_macro   0x00000000000197ce      0x20e ./Drivers/STM32F1xx_HAL_Driver/Src/stm32f1xx_hal_gpio.o
 .debug_macro   0x00000000000199dc      0x1b5 ./Drivers/STM32F1xx_HAL_Driver/Src/stm32f1xx_hal_rcc.o
 .debug_macro   0x0000000000019b91      0x1a4 ./Drivers/STM32F1xx_HAL_Driver/Src/stm32f1xx_hal_tim.o
 .debug_macro   0x0000000000019d35      0x1a3 ./Drivers/STM32F1xx_HAL_Driver/Src/stm32f1xx_hal_tim_ex.o

.debug_line     0x0000000000000000     0xf511
 .debug_line    0x0000000000000000      0x8b0 ./Core/Src/LED.o
 .debug_line    0x00000000000008b0      0x775 ./Core/Src/can.o
 .debug_line    0x0000000000001025      0x70e ./Core/Src/dma.o
 .debug_line    0x0000000000001733      0x766 ./Core/Src/gpio.o
 .debug_line    0x0000000000001e99      0x94c ./Core/Src/main.o
 .debug_line    0x00000000000027e5      0x756 ./Core/Src/rotary.o
 .debug_line    0x0000000000002f3b      0x701 ./Core/Src/stm32f1xx_hal_msp.o
 .debug_line    0x000000000000363c      0x8ca ./Core/Src/stm32f1xx_it.o
 .debug_line    0x0000000000003f06      0x77e ./Core/Src/system_stm32f1xx.o
 .debug_line    0x0000000000004684      0xc67 ./Core/Src/tim.o
 .debug_line    0x00000000000052eb       0x79 ./Core/Startup/startup_stm32f103zetx.o
 .debug_line    0x0000000000005364      0x9ab ./Drivers/STM32F1xx_HAL_Driver/Src/stm32f1xx_hal.o
 .debug_line    0x0000000000005d0f     0x1152 ./Drivers/STM32F1xx_HAL_Driver/Src/stm32f1xx_hal_can.o
 .debug_line    0x0000000000006e61      0xb93 ./Drivers/STM32F1xx_HAL_Driver/Src/stm32f1xx_hal_cortex.o
 .debug_line    0x00000000000079f4     0x12d6 ./Drivers/STM32F1xx_HAL_Driver/Src/stm32f1xx_hal_dma.o
 .debug_line    0x0000000000008cca      0xa6c ./Drivers/STM32F1xx_HAL_Driver/Src/stm32f1xx_hal_gpio.o
 .debug_line    0x0000000000009736      0xdb4 ./Drivers/STM32F1xx_HAL_Driver/Src/stm32f1xx_hal_rcc.o
 .debug_line    0x000000000000a4ea     0x36b7 ./Drivers/STM32F1xx_HAL_Driver/Src/stm32f1xx_hal_tim.o
 .debug_line    0x000000000000dba1     0x1970 ./Drivers/STM32F1xx_HAL_Driver/Src/stm32f1xx_hal_tim_ex.o

.debug_str      0x0000000000000000    0x965b9
 .debug_str     0x0000000000000000    0x9232b ./Core/Src/LED.o
                                      0x927cd (size before relaxing)
 .debug_str     0x000000000009232b     0x114c ./Core/Src/can.o
                                      0x92f92 (size before relaxing)
 .debug_str     0x0000000000093477      0x357 ./Core/Src/dma.o
                                      0x92fc6 (size before relaxing)
 .debug_str     0x00000000000937ce       0x68 ./Core/Src/gpio.o
                                      0x92c84 (size before relaxing)
 .debug_str     0x0000000000093836      0x3fe ./Core/Src/main.o
                                      0x93c32 (size before relaxing)
 .debug_str     0x0000000000093c34       0x75 ./Core/Src/rotary.o
                                      0x92cf4 (size before relaxing)
 .debug_str     0x0000000000093ca9       0x2c ./Core/Src/stm32f1xx_hal_msp.o
                                      0x92c0c (size before relaxing)
 .debug_str     0x0000000000093cd5      0x29f ./Core/Src/stm32f1xx_it.o
                                      0x932c5 (size before relaxing)
 .debug_str     0x0000000000093f74       0x7e ./Core/Src/system_stm32f1xx.o
                                      0x91e7c (size before relaxing)
 .debug_str     0x0000000000093ff2      0x304 ./Core/Src/tim.o
                                      0x93966 (size before relaxing)
 .debug_str     0x00000000000942f6       0x34 ./Core/Startup/startup_stm32f103zetx.o
                                         0x5d (size before relaxing)
 .debug_str     0x000000000009432a      0x384 ./Drivers/STM32F1xx_HAL_Driver/Src/stm32f1xx_hal.o
                                      0x92693 (size before relaxing)
 .debug_str     0x00000000000946ae      0x52d ./Drivers/STM32F1xx_HAL_Driver/Src/stm32f1xx_hal_can.o
                                      0x9267c (size before relaxing)
 .debug_str     0x0000000000094bdb      0x26c ./Drivers/STM32F1xx_HAL_Driver/Src/stm32f1xx_hal_cortex.o
                                      0x925df (size before relaxing)
 .debug_str     0x0000000000094e47      0x20e ./Drivers/STM32F1xx_HAL_Driver/Src/stm32f1xx_hal_dma.o
                                      0x92225 (size before relaxing)
 .debug_str     0x0000000000095055      0x2b4 ./Drivers/STM32F1xx_HAL_Driver/Src/stm32f1xx_hal_gpio.o
                                      0x92202 (size before relaxing)
 .debug_str     0x0000000000095309      0x229 ./Drivers/STM32F1xx_HAL_Driver/Src/stm32f1xx_hal_rcc.o
                                      0x922ab (size before relaxing)
 .debug_str     0x0000000000095532      0xca6 ./Drivers/STM32F1xx_HAL_Driver/Src/stm32f1xx_hal_tim.o
                                      0x9329d (size before relaxing)
 .debug_str     0x00000000000961d8      0x3e1 ./Drivers/STM32F1xx_HAL_Driver/Src/stm32f1xx_hal_tim_ex.o
                                      0x92ab9 (size before relaxing)

.debug_frame    0x0000000000000000     0x3264
 .debug_frame   0x0000000000000000      0x160 ./Core/Src/LED.o
 .debug_frame   0x0000000000000160       0x74 ./Core/Src/can.o
 .debug_frame   0x00000000000001d4       0x34 ./Core/Src/dma.o
 .debug_frame   0x0000000000000208       0x34 ./Core/Src/gpio.o
 .debug_frame   0x000000000000023c       0xdc ./Core/Src/main.o
 .debug_frame   0x0000000000000318       0x38 ./Core/Src/rotary.o
 .debug_frame   0x0000000000000350       0x38 ./Core/Src/stm32f1xx_hal_msp.o
 .debug_frame   0x0000000000000388      0x238 ./Core/Src/stm32f1xx_it.o
 .debug_frame   0x00000000000005c0       0x58 ./Core/Src/system_stm32f1xx.o
 .debug_frame   0x0000000000000618      0x1a0 ./Core/Src/tim.o
 .debug_frame   0x00000000000007b8      0x334 ./Drivers/STM32F1xx_HAL_Driver/Src/stm32f1xx_hal.o
 .debug_frame   0x0000000000000aec      0x5a0 ./Drivers/STM32F1xx_HAL_Driver/Src/stm32f1xx_hal_can.o
 .debug_frame   0x000000000000108c      0x428 ./Drivers/STM32F1xx_HAL_Driver/Src/stm32f1xx_hal_cortex.o
 .debug_frame   0x00000000000014b4      0x20c ./Drivers/STM32F1xx_HAL_Driver/Src/stm32f1xx_hal_dma.o
 .debug_frame   0x00000000000016c0      0x14c ./Drivers/STM32F1xx_HAL_Driver/Src/stm32f1xx_hal_gpio.o
 .debug_frame   0x000000000000180c      0x218 ./Drivers/STM32F1xx_HAL_Driver/Src/stm32f1xx_hal_rcc.o
 .debug_frame   0x0000000000001a24     0x11bc ./Drivers/STM32F1xx_HAL_Driver/Src/stm32f1xx_hal_tim.o
 .debug_frame   0x0000000000002be0      0x638 ./Drivers/STM32F1xx_HAL_Driver/Src/stm32f1xx_hal_tim_ex.o
 .debug_frame   0x0000000000003218       0x20 C:/ST/STM32CubeIDE_1.4.0/STM32CubeIDE/plugins/com.st.stm32cube.ide.mcu.externaltools.gnu-tools-for-stm32.11.3.rel1.win32_1.1.100.202309141235/tools/bin/../lib/gcc/arm-none-eabi/11.3.1/../../../../arm-none-eabi/lib/thumb/v7-m/nofp\libc_nano.a(libc_a-memset.o)
 .debug_frame   0x0000000000003238       0x2c C:/ST/STM32CubeIDE_1.4.0/STM32CubeIDE/plugins/com.st.stm32cube.ide.mcu.externaltools.gnu-tools-for-stm32.11.3.rel1.win32_1.1.100.202309141235/tools/bin/../lib/gcc/arm-none-eabi/11.3.1/../../../../arm-none-eabi/lib/thumb/v7-m/nofp\libc_nano.a(libc_a-init.o)

.debug_line_str
                0x0000000000000000       0x51
 .debug_line_str
                0x0000000000000000       0x51 ./Core/Startup/startup_stm32f103zetx.o
                                         0x69 (size before relaxing)
